<?xml version="1.0" encoding="utf-8"?><testsuites><testsuite name="pytest" errors="0" failures="0" skipped="0" tests="14" time="0.180" timestamp="2024-11-01T21:05:24.915669" hostname="samika-PC"><testcase classname="src.tests.varasto_test.TestVarasto" name="test_konstruktori_alku_saldo_yli_tilavuuden" file="src\tests\varasto_test.py" line="81" time="0.004" /><testcase classname="src.tests.varasto_test.TestVarasto" name="test_konstruktori_luo_tyhjan_varaston" file="src\tests\varasto_test.py" line="8" time="0.001" /><testcase classname="src.tests.varasto_test.TestVarasto" name="test_konstruktori_negatiivinen_alku_saldo" file="src\tests\varasto_test.py" line="76" time="0.001" /><testcase classname="src.tests.varasto_test.TestVarasto" name="test_konstruktori_negatiivinen_tilavuus" file="src\tests\varasto_test.py" line="71" time="0.001" /><testcase classname="src.tests.varasto_test.TestVarasto" name="test_lisays_lisaa_pienentaa_vapaata_tilaa" file="src\tests\varasto_test.py" line="20" time="0.001" /><testcase classname="src.tests.varasto_test.TestVarasto" name="test_lisays_lisaa_saldoa" file="src\tests\varasto_test.py" line="15" time="0.001" /><testcase classname="src.tests.varasto_test.TestVarasto" name="test_lisays_negatiivinen_maara_ei_muuta_saldoa" file="src\tests\varasto_test.py" line="41" time="0.001" /><testcase classname="src.tests.varasto_test.TestVarasto" name="test_lisays_yli_kapasiteetin" file="src\tests\varasto_test.py" line="46" time="0.001" /><testcase classname="src.tests.varasto_test.TestVarasto" name="test_ottaminen_liikaa" file="src\tests\varasto_test.py" line="51" time="0.001" /><testcase classname="src.tests.varasto_test.TestVarasto" name="test_ottaminen_lisaa_tilaa" file="src\tests\varasto_test.py" line="33" time="0.001" /><testcase classname="src.tests.varasto_test.TestVarasto" name="test_ottaminen_negatiivinen_maara_palauttaa_nollan" file="src\tests\varasto_test.py" line="58" time="0.001" /><testcase classname="src.tests.varasto_test.TestVarasto" name="test_ottaminen_palauttaa_oikean_maaran" file="src\tests\varasto_test.py" line="26" time="0.001" /><testcase classname="src.tests.varasto_test.TestVarasto" name="test_str_metodi" file="src\tests\varasto_test.py" line="65" time="0.001" /><testcase classname="src.tests.varasto_test.TestVarasto" name="test_uudella_varastolla_oikea_tilavuus" file="src\tests\varasto_test.py" line="12" time="0.002" /></testsuite></testsuites>